โ–ฒ Next.js 16.1.6 (Turbopack)
- Environments: .env

npx : โ The 
"middleware" file 
convention is 
deprecated. Please use 
"proxy" instead. Learn 
more: https://nextjs.or
g/docs/messages/middlew
are-to-proxy
At line:1 char:1
+ npx next build 2>&1 
| Tee-Object -FilePath 
build_output.txt; 
Get-Cont ...
+ ~~~~~~~~~~~~~~~~~~~
    + CategoryInfo     
         : NotSpecifi  
  ed: (โ The "midd    
le...leware-to-pro    
xy:String) [], Rem    
oteException
    + FullyQualifiedEr 
   rorId : NativeComm  
  andError
 
  Creating an optimized production build ...
โ“ Compiled successfully in 5.7s
  Running TypeScript ...
  Collecting page data using 11 workers ...
  Generating static pages using 11 workers (0/26) ...
  Generating static pages using 11 workers (6/26) 
  Generating static pages using 11 workers (12/26) 
  Generating static pages using 11 workers (19/26) 
โ“ Generating static pages using 11 workers (26/26) in 455.2ms
  Finalizing page optimization ...

Route (app)
โ” โ— /
โ” ฦ’ /api/clean-sales
โ” ฦ’ /api/fix-dates
โ” ฦ’ /api/forecasts
โ” ฦ’ /api/forecasts/[id]
โ” ฦ’ /api/issues
โ” ฦ’ /api/issues/[id]
โ” ฦ’ /api/issues/import
โ” ฦ’ /api/meat-parts
โ” ฦ’ /api/meat-parts/[id]
โ” ฦ’ /api/meat-parts/seed
โ” ฦ’ /api/nuclear
โ” ฦ’ /api/OrderTracking
โ” ฦ’ /api/OrderTracking/import
โ” ฦ’ /api/plans
โ” ฦ’ /api/plans/[id]
โ” ฦ’ /api/plans/import
โ” ฦ’ /api/products
โ” ฦ’ /api/products/[id]
โ” ฦ’ /api/profile
โ” ฦ’ /api/profile/check
โ” ฦ’ /api/storage-usage
โ” ฦ’ /api/stores
โ” ฦ’ /api/stores/[id]
โ” ฦ’ /api/stores/import
โ” ฦ’ /api/visits
โ” ฦ’ /api/visits/[id]
โ” ฦ’ /api/visits/import
โ” โ— /crm
โ” โ— /_not-found
โ”” โ— /profilecreate


ฦ’ Proxy (Middleware)

โ—  (Static)   prerendered as static content
ฦ’  (Dynamic)  server-rendered on demand

