components/pagecomponents/ForecastForm/fontiontwo.tsx(189,27): error TS2554: Expected 0 arguments, but got 1.
components/pagecomponents/ForecastForm/ForecastForm.tsx(209,27): error TS2554: Expected 0 arguments, but got 1.
components/pagecomponents/ForecastFormStore/ForecastForm.tsx(133,27): error TS2554: Expected 0 arguments, but got 1.
