components/pagecomponents/ForecastForm/ForecastForm.tsx(8,36): error TS2307: Cannot find module '@/lib/utils' or its corresponding type declarations.
components/pagecomponents/ForecastForm/ForecastForm.tsx(9,35): error TS2307: Cannot find module '@/components/hooks/useMeatPartSearch' or its corresponding type declarations.
components/pagecomponents/ForecastForm/ForecastForm.tsx(10,32): error TS2307: Cannot find module '@/components/crmhelper/StoreSearchBox' or its corresponding type declarations.
components/pagecomponents/ForecastForm/ForecastForm.tsx(11,32): error TS2307: Cannot find module '@/components/hooks/useStoreSearch' or its corresponding type declarations.
components/pagecomponents/ForecastForm/ForecastForm.tsx(12,42): error TS2307: Cannot find module '@/components/crmhelper/ActionButtons' or its corresponding type declarations.
components/pagecomponents/ForecastForm/ForecastForm.tsx(14,58): error TS2307: Cannot find module '@/components/ui/card' or its corresponding type declarations.
components/pagecomponents/ForecastForm/ForecastForm.tsx(15,24): error TS2307: Cannot find module '@/components/ui/button' or its corresponding type declarations.
components/pagecomponents/ForecastForm/ForecastForm.tsx(16,26): error TS2307: Cannot find module '@/components/ui/calendar' or its corresponding type declarations.
components/pagecomponents/ForecastForm/ForecastForm.tsx(17,23): error TS2307: Cannot find module '@/components/ui/input' or its corresponding type declarations.
components/pagecomponents/ForecastForm/ForecastForm.tsx(18,23): error TS2307: Cannot find module '@/components/ui/label' or its corresponding type declarations.
components/pagecomponents/ForecastForm/ForecastForm.tsx(19,26): error TS2307: Cannot find module '@/components/ui/textarea' or its corresponding type declarations.
components/pagecomponents/ForecastForm/ForecastForm.tsx(20,26): error TS2307: Cannot find module '@/components/ui/progress' or its corresponding type declarations.
components/pagecomponents/ForecastForm/ForecastForm.tsx(28,8): error TS2307: Cannot find module '@/components/ui/dialog' or its corresponding type declarations.
components/pagecomponents/ForecastForm/ForecastForm.tsx(33,8): error TS2307: Cannot find module '@/components/ui/popover' or its corresponding type declarations.
components/pagecomponents/ForecastForm/ForecastForm.tsx(40,8): error TS2307: Cannot find module '@/components/ui/select' or its corresponding type declarations.
components/pagecomponents/ForecastForm/ForecastForm.tsx(55,40): error TS2307: Cannot find module '@/lib/exportexcel/exportFormatters' or its corresponding type declarations.
components/pagecomponents/ForecastForm/ForecastForm.tsx(122,9): error TS17004: Cannot use JSX unless the '--jsx' flag is provided.
components/pagecomponents/ForecastForm/ForecastForm.tsx(123,13): error TS17004: Cannot use JSX unless the '--jsx' flag is provided.
components/pagecomponents/ForecastForm/ForecastForm.tsx(124,17): error TS17004: Cannot use JSX unless the '--jsx' flag is provided.
components/pagecomponents/ForecastForm/ForecastForm.tsx(125,17): error TS17004: Cannot use JSX unless the '--jsx' flag is provided.
components/pagecomponents/ForecastForm/ForecastForm.tsx(139,13): error TS17004: Cannot use JSX unless the '--jsx' flag is provided.
components/pagecomponents/ForecastForm/ForecastForm.tsx(140,17): error TS17004: Cannot use JSX unless the '--jsx' flag is provided.
components/pagecomponents/ForecastForm/ForecastForm.tsx(141,21): error TS17004: Cannot use JSX unless the '--jsx' flag is provided.
components/pagecomponents/ForecastForm/ForecastForm.tsx(142,21): error TS17004: Cannot use JSX unless the '--jsx' flag is provided.
components/pagecomponents/ForecastForm/ForecastForm.tsx(151,17): error TS17004: Cannot use JSX unless the '--jsx' flag is provided.
components/pagecomponents/ForecastForm/ForecastForm.tsx(152,21): error TS17004: Cannot use JSX unless the '--jsx' flag is provided.
components/pagecomponents/ForecastForm/ForecastForm.tsx(153,21): error TS17004: Cannot use JSX unless the '--jsx' flag is provided.
components/pagecomponents/ForecastForm/ForecastForm.tsx(162,17): error TS17004: Cannot use JSX unless the '--jsx' flag is provided.
components/pagecomponents/ForecastForm/ForecastForm.tsx(163,21): error TS17004: Cannot use JSX unless the '--jsx' flag is provided.
components/pagecomponents/ForecastForm/ForecastForm.tsx(164,21): error TS17004: Cannot use JSX unless the '--jsx' flag is provided.
components/pagecomponents/ForecastForm/ForecastForm.tsx(173,17): error TS17004: Cannot use JSX unless the '--jsx' flag is provided.
components/pagecomponents/ForecastForm/ForecastForm.tsx(174,21): error TS17004: Cannot use JSX unless the '--jsx' flag is provided.
components/pagecomponents/ForecastForm/ForecastForm.tsx(175,25): error TS17004: Cannot use JSX unless the '--jsx' flag is provided.
components/pagecomponents/ForecastForm/ForecastForm.tsx(177,29): error TS17004: Cannot use JSX unless the '--jsx' flag is provided.
components/pagecomponents/ForecastForm/ForecastForm.tsx(182,21): error TS17004: Cannot use JSX unless the '--jsx' flag is provided.
components/pagecomponents/ForecastForm/ForecastForm.tsx(191,17): error TS17004: Cannot use JSX unless the '--jsx' flag is provided.
components/pagecomponents/ForecastForm/ForecastForm.tsx(192,21): error TS17004: Cannot use JSX unless the '--jsx' flag is provided.
components/pagecomponents/ForecastForm/ForecastForm.tsx(198,25): error TS17004: Cannot use JSX unless the '--jsx' flag is provided.
components/pagecomponents/ForecastForm/ForecastForm.tsx(304,9): error TS17004: Cannot use JSX unless the '--jsx' flag is provided.
components/pagecomponents/ForecastForm/ForecastForm.tsx(305,13): error TS17004: Cannot use JSX unless the '--jsx' flag is provided.
components/pagecomponents/ForecastForm/ForecastForm.tsx(311,17): error TS17004: Cannot use JSX unless the '--jsx' flag is provided.
components/pagecomponents/ForecastForm/ForecastForm.tsx(313,13): error TS17004: Cannot use JSX unless the '--jsx' flag is provided.
components/pagecomponents/ForecastForm/ForecastForm.tsx(314,17): error TS17004: Cannot use JSX unless the '--jsx' flag is provided.
components/pagecomponents/ForecastForm/ForecastForm.tsx(315,21): error TS17004: Cannot use JSX unless the '--jsx' flag is provided.
components/pagecomponents/ForecastForm/ForecastForm.tsx(319,17): error TS17004: Cannot use JSX unless the '--jsx' flag is provided.
components/pagecomponents/ForecastForm/ForecastForm.tsx(320,21): error TS17004: Cannot use JSX unless the '--jsx' flag is provided.
components/pagecomponents/ForecastForm/ForecastForm.tsx(323,13): error TS17004: Cannot use JSX unless the '--jsx' flag is provided.
components/pagecomponents/ForecastForm/ForecastForm.tsx(329,17): error TS17004: Cannot use JSX unless the '--jsx' flag is provided.
components/pagecomponents/ForecastForm/ForecastForm.tsx(568,9): error TS17004: Cannot use JSX unless the '--jsx' flag is provided.
components/pagecomponents/ForecastForm/ForecastForm.tsx(570,13): error TS17004: Cannot use JSX unless the '--jsx' flag is provided.
components/pagecomponents/ForecastForm/ForecastForm.tsx(571,17): error TS17004: Cannot use JSX unless the '--jsx' flag is provided.
components/pagecomponents/ForecastForm/ForecastForm.tsx(572,21): error TS17004: Cannot use JSX unless the '--jsx' flag is provided.
components/pagecomponents/ForecastForm/ForecastForm.tsx(573,25): error TS17004: Cannot use JSX unless the '--jsx' flag is provided.
components/pagecomponents/ForecastForm/ForecastForm.tsx(574,29): error TS17004: Cannot use JSX unless the '--jsx' flag is provided.
components/pagecomponents/ForecastForm/ForecastForm.tsx(575,33): error TS17004: Cannot use JSX unless the '--jsx' flag is provided.
components/pagecomponents/ForecastForm/ForecastForm.tsx(577,29): error TS17004: Cannot use JSX unless the '--jsx' flag is provided.
components/pagecomponents/ForecastForm/ForecastForm.tsx(579,25): error TS17004: Cannot use JSX unless the '--jsx' flag is provided.
components/pagecomponents/ForecastForm/ForecastForm.tsx(583,17): error TS17004: Cannot use JSX unless the '--jsx' flag is provided.
components/pagecomponents/ForecastForm/ForecastForm.tsx(585,21): error TS17004: Cannot use JSX unless the '--jsx' flag is provided.
components/pagecomponents/ForecastForm/ForecastForm.tsx(587,21): error TS17004: Cannot use JSX unless the '--jsx' flag is provided.
components/pagecomponents/ForecastForm/ForecastForm.tsx(588,25): error TS17004: Cannot use JSX unless the '--jsx' flag is provided.
components/pagecomponents/ForecastForm/ForecastForm.tsx(593,29): error TS17004: Cannot use JSX unless the '--jsx' flag is provided.
components/pagecomponents/ForecastForm/ForecastForm.tsx(594,29): error TS17004: Cannot use JSX unless the '--jsx' flag is provided.
components/pagecomponents/ForecastForm/ForecastForm.tsx(598,29): error TS17004: Cannot use JSX unless the '--jsx' flag is provided.
components/pagecomponents/ForecastForm/ForecastForm.tsx(602,33): error TS17004: Cannot use JSX unless the '--jsx' flag is provided.
components/pagecomponents/ForecastForm/ForecastForm.tsx(603,38): error TS17004: Cannot use JSX unless the '--jsx' flag is provided.
components/pagecomponents/ForecastForm/ForecastForm.tsx(612,17): error TS17004: Cannot use JSX unless the '--jsx' flag is provided.
components/pagecomponents/ForecastForm/ForecastForm.tsx(614,46): error TS17004: Cannot use JSX unless the '--jsx' flag is provided.
components/pagecomponents/ForecastForm/ForecastForm.tsx(615,48): error TS17004: Cannot use JSX unless the '--jsx' flag is provided.
components/pagecomponents/ForecastForm/ForecastForm.tsx(617,21): error TS17004: Cannot use JSX unless the '--jsx' flag is provided.
components/pagecomponents/ForecastForm/ForecastForm.tsx(618,25): error TS17004: Cannot use JSX unless the '--jsx' flag is provided.
components/pagecomponents/ForecastForm/ForecastForm.tsx(619,29): error TS17004: Cannot use JSX unless the '--jsx' flag is provided.
components/pagecomponents/ForecastForm/ForecastForm.tsx(619,71): error TS17004: Cannot use JSX unless the '--jsx' flag is provided.
components/pagecomponents/ForecastForm/ForecastForm.tsx(621,25): error TS17004: Cannot use JSX unless the '--jsx' flag is provided.
components/pagecomponents/ForecastForm/ForecastForm.tsx(626,21): error TS17004: Cannot use JSX unless the '--jsx' flag is provided.
components/pagecomponents/ForecastForm/ForecastForm.tsx(627,25): error TS17004: Cannot use JSX unless the '--jsx' flag is provided.
components/pagecomponents/ForecastForm/ForecastForm.tsx(628,29): error TS17004: Cannot use JSX unless the '--jsx' flag is provided.
components/pagecomponents/ForecastForm/ForecastForm.tsx(628,77): error TS17004: Cannot use JSX unless the '--jsx' flag is provided.
components/pagecomponents/ForecastForm/ForecastForm.tsx(630,25): error TS17004: Cannot use JSX unless the '--jsx' flag is provided.
components/pagecomponents/ForecastForm/ForecastForm.tsx(632,29): error TS17004: Cannot use JSX unless the '--jsx' flag is provided.
components/pagecomponents/ForecastForm/ForecastForm.tsx(636,21): error TS17004: Cannot use JSX unless the '--jsx' flag is provided.
components/pagecomponents/ForecastForm/ForecastForm.tsx(637,25): error TS17004: Cannot use JSX unless the '--jsx' flag is provided.
components/pagecomponents/ForecastForm/ForecastForm.tsx(638,29): error TS17004: Cannot use JSX unless the '--jsx' flag is provided.
components/pagecomponents/ForecastForm/ForecastForm.tsx(641,29): error TS17004: Cannot use JSX unless the '--jsx' flag is provided.
components/pagecomponents/ForecastForm/ForecastForm.tsx(646,25): error TS17004: Cannot use JSX unless the '--jsx' flag is provided.
components/pagecomponents/ForecastForm/ForecastForm.tsx(648,25): error TS17004: Cannot use JSX unless the '--jsx' flag is provided.
components/pagecomponents/ForecastForm/ForecastForm.tsx(649,29): error TS17004: Cannot use JSX unless the '--jsx' flag is provided.
components/pagecomponents/ForecastForm/ForecastForm.tsx(652,29): error TS17004: Cannot use JSX unless the '--jsx' flag is provided.
components/pagecomponents/ForecastForm/ForecastForm.tsx(661,13): error TS17004: Cannot use JSX unless the '--jsx' flag is provided.
components/pagecomponents/ForecastForm/ForecastForm.tsx(662,17): error TS17004: Cannot use JSX unless the '--jsx' flag is provided.
components/pagecomponents/ForecastForm/ForecastForm.tsx(663,21): error TS17004: Cannot use JSX unless the '--jsx' flag is provided.
components/pagecomponents/ForecastForm/ForecastForm.tsx(664,25): error TS17004: Cannot use JSX unless the '--jsx' flag is provided.
components/pagecomponents/ForecastForm/ForecastForm.tsx(665,29): error TS17004: Cannot use JSX unless the '--jsx' flag is provided.
components/pagecomponents/ForecastForm/ForecastForm.tsx(667,25): error TS17004: Cannot use JSX unless the '--jsx' flag is provided.
components/pagecomponents/ForecastForm/ForecastForm.tsx(671,21): error TS17004: Cannot use JSX unless the '--jsx' flag is provided.
components/pagecomponents/ForecastForm/ForecastForm.tsx(672,25): error TS17004: Cannot use JSX unless the '--jsx' flag is provided.
components/pagecomponents/ForecastForm/ForecastForm.tsx(676,21): error TS17004: Cannot use JSX unless the '--jsx' flag is provided.
components/pagecomponents/ForecastForm/ForecastForm.tsx(677,25): error TS17004: Cannot use JSX unless the '--jsx' flag is provided.
components/pagecomponents/ForecastForm/ForecastForm.tsx(678,29): error TS17004: Cannot use JSX unless the '--jsx' flag is provided.
components/pagecomponents/ForecastForm/ForecastForm.tsx(684,29): error TS17004: Cannot use JSX unless the '--jsx' flag is provided.
components/pagecomponents/ForecastForm/ForecastForm.tsx(686,25): error TS17004: Cannot use JSX unless the '--jsx' flag is provided.
components/pagecomponents/ForecastForm/ForecastForm.tsx(687,29): error TS17004: Cannot use JSX unless the '--jsx' flag is provided.
components/pagecomponents/ForecastForm/ForecastForm.tsx(688,33): error TS17004: Cannot use JSX unless the '--jsx' flag is provided.
components/pagecomponents/ForecastForm/ForecastForm.tsx(689,37): error TS17004: Cannot use JSX unless the '--jsx' flag is provided.
components/pagecomponents/ForecastForm/ForecastForm.tsx(691,33): error TS17004: Cannot use JSX unless the '--jsx' flag is provided.
components/pagecomponents/ForecastForm/ForecastForm.tsx(692,37): error TS17004: Cannot use JSX unless the '--jsx' flag is provided.
components/pagecomponents/ForecastForm/ForecastForm.tsx(694,41): error TS17004: Cannot use JSX unless the '--jsx' flag is provided.
components/pagecomponents/ForecastForm/ForecastForm.tsx(703,21): error TS17004: Cannot use JSX unless the '--jsx' flag is provided.
components/pagecomponents/ForecastForm/ForecastForm.tsx(711,33): error TS17004: Cannot use JSX unless the '--jsx' flag is provided.
components/pagecomponents/ForecastForm/ForecastForm.tsx(712,37): error TS17004: Cannot use JSX unless the '--jsx' flag is provided.
components/pagecomponents/ForecastForm/ForecastForm.tsx(714,41): error TS17004: Cannot use JSX unless the '--jsx' flag is provided.
components/pagecomponents/ForecastForm/ForecastForm.tsx(715,45): error TS17004: Cannot use JSX unless the '--jsx' flag is provided.
components/pagecomponents/ForecastForm/ForecastForm.tsx(717,49): error TS17004: Cannot use JSX unless the '--jsx' flag is provided.
components/pagecomponents/ForecastForm/ForecastForm.tsx(718,53): error TS17004: Cannot use JSX unless the '--jsx' flag is provided.
components/pagecomponents/ForecastForm/ForecastForm.tsx(719,53): error TS17004: Cannot use JSX unless the '--jsx' flag is provided.
components/pagecomponents/ForecastForm/ForecastForm.tsx(725,41): error TS17004: Cannot use JSX unless the '--jsx' flag is provided.
components/pagecomponents/ForecastForm/ForecastForm.tsx(726,45): error TS17004: Cannot use JSX unless the '--jsx' flag is provided.
components/pagecomponents/ForecastForm/ForecastForm.tsx(728,49): error TS17004: Cannot use JSX unless the '--jsx' flag is provided.
components/pagecomponents/ForecastForm/ForecastForm.tsx(729,53): error TS17004: Cannot use JSX unless the '--jsx' flag is provided.
components/pagecomponents/ForecastForm/ForecastForm.tsx(730,53): error TS17004: Cannot use JSX unless the '--jsx' flag is provided.
components/pagecomponents/ForecastForm/ForecastForm.tsx(732,49): error TS17004: Cannot use JSX unless the '--jsx' flag is provided.
components/pagecomponents/ForecastForm/ForecastForm.tsx(733,53): error TS17004: Cannot use JSX unless the '--jsx' flag is provided.
components/pagecomponents/ForecastForm/ForecastForm.tsx(734,53): error TS17004: Cannot use JSX unless the '--jsx' flag is provided.
components/pagecomponents/ForecastForm/ForecastForm.tsx(736,57): error TS17004: Cannot use JSX unless the '--jsx' flag is provided.
components/pagecomponents/ForecastForm/ForecastForm.tsx(741,49): error TS17004: Cannot use JSX unless the '--jsx' flag is provided.
components/pagecomponents/ForecastForm/ForecastForm.tsx(742,53): error TS17004: Cannot use JSX unless the '--jsx' flag is provided.
components/pagecomponents/ForecastForm/ForecastForm.tsx(743,53): error TS17004: Cannot use JSX unless the '--jsx' flag is provided.
components/pagecomponents/ForecastForm/ForecastForm.tsx(745,49): error TS17004: Cannot use JSX unless the '--jsx' flag is provided.
components/pagecomponents/ForecastForm/ForecastForm.tsx(746,53): error TS17004: Cannot use JSX unless the '--jsx' flag is provided.
components/pagecomponents/ForecastForm/ForecastForm.tsx(747,53): error TS17004: Cannot use JSX unless the '--jsx' flag is provided.
components/pagecomponents/ForecastForm/ForecastForm.tsx(751,49): error TS17004: Cannot use JSX unless the '--jsx' flag is provided.
components/pagecomponents/ForecastForm/ForecastForm.tsx(752,53): error TS17004: Cannot use JSX unless the '--jsx' flag is provided.
components/pagecomponents/ForecastForm/ForecastForm.tsx(753,53): error TS17004: Cannot use JSX unless the '--jsx' flag is provided.
components/pagecomponents/ForecastForm/ForecastForm.tsx(755,49): error TS17004: Cannot use JSX unless the '--jsx' flag is provided.
components/pagecomponents/ForecastForm/ForecastForm.tsx(756,53): error TS17004: Cannot use JSX unless the '--jsx' flag is provided.
components/pagecomponents/ForecastForm/ForecastForm.tsx(757,53): error TS17004: Cannot use JSX unless the '--jsx' flag is provided.
components/pagecomponents/ForecastForm/ForecastForm.tsx(763,41): error TS17004: Cannot use JSX unless the '--jsx' flag is provided.
components/pagecomponents/ForecastForm/ForecastForm.tsx(764,45): error TS17004: Cannot use JSX unless the '--jsx' flag is provided.
components/pagecomponents/ForecastForm/ForecastForm.tsx(765,49): error TS17004: Cannot use JSX unless the '--jsx' flag is provided.
components/pagecomponents/ForecastForm/ForecastForm.tsx(767,45): error TS17004: Cannot use JSX unless the '--jsx' flag is provided.
components/pagecomponents/ForecastForm/ForecastForm.tsx(771,57): error TS17004: Cannot use JSX unless the '--jsx' flag is provided.
components/pagecomponents/ForecastForm/ForecastForm.tsx(772,61): error TS17004: Cannot use JSX unless the '--jsx' flag is provided.
components/pagecomponents/ForecastForm/ForecastForm.tsx(773,65): error TS17004: Cannot use JSX unless the '--jsx' flag is provided.
components/pagecomponents/ForecastForm/ForecastForm.tsx(774,69): error TS17004: Cannot use JSX unless the '--jsx' flag is provided.
components/pagecomponents/ForecastForm/ForecastForm.tsx(775,73): error TS17004: Cannot use JSX unless the '--jsx' flag is provided.
components/pagecomponents/ForecastForm/ForecastForm.tsx(776,73): error TS17004: Cannot use JSX unless the '--jsx' flag is provided.
components/pagecomponents/ForecastForm/ForecastForm.tsx(779,69): error TS17004: Cannot use JSX unless the '--jsx' flag is provided.
components/pagecomponents/ForecastForm/ForecastForm.tsx(780,73): error TS17004: Cannot use JSX unless the '--jsx' flag is provided.
components/pagecomponents/ForecastForm/ForecastForm.tsx(781,77): error TS17004: Cannot use JSX unless the '--jsx' flag is provided.
components/pagecomponents/ForecastForm/ForecastForm.tsx(782,77): error TS17004: Cannot use JSX unless the '--jsx' flag is provided.
components/pagecomponents/ForecastForm/ForecastForm.tsx(784,73): error TS17004: Cannot use JSX unless the '--jsx' flag is provided.
components/pagecomponents/ForecastForm/ForecastForm.tsx(785,77): error TS17004: Cannot use JSX unless the '--jsx' flag is provided.
components/pagecomponents/ForecastForm/ForecastForm.tsx(786,77): error TS17004: Cannot use JSX unless the '--jsx' flag is provided.
components/pagecomponents/ForecastForm/ForecastForm.tsx(787,77): error TS17004: Cannot use JSX unless the '--jsx' flag is provided.
components/pagecomponents/ForecastForm/ForecastForm.tsx(789,73): error TS17004: Cannot use JSX unless the '--jsx' flag is provided.
components/pagecomponents/ForecastForm/ForecastForm.tsx(790,77): error TS17004: Cannot use JSX unless the '--jsx' flag is provided.
components/pagecomponents/ForecastForm/ForecastForm.tsx(791,77): error TS17004: Cannot use JSX unless the '--jsx' flag is provided.
components/pagecomponents/ForecastForm/ForecastForm.tsx(793,73): error TS17004: Cannot use JSX unless the '--jsx' flag is provided.
components/pagecomponents/ForecastForm/ForecastForm.tsx(794,77): error TS17004: Cannot use JSX unless the '--jsx' flag is provided.
components/pagecomponents/ForecastForm/ForecastForm.tsx(795,77): error TS17004: Cannot use JSX unless the '--jsx' flag is provided.
components/pagecomponents/ForecastForm/ForecastForm.tsx(800,65): error TS17004: Cannot use JSX unless the '--jsx' flag is provided.
components/pagecomponents/ForecastForm/ForecastForm.tsx(803,73): error TS17004: Cannot use JSX unless the '--jsx' flag is provided.
components/pagecomponents/ForecastForm/ForecastForm.tsx(804,77): error TS17004: Cannot use JSX unless the '--jsx' flag is provided.
components/pagecomponents/ForecastForm/ForecastForm.tsx(805,81): error TS17004: Cannot use JSX unless the '--jsx' flag is provided.
components/pagecomponents/ForecastForm/ForecastForm.tsx(806,81): error TS17004: Cannot use JSX unless the '--jsx' flag is provided.
components/pagecomponents/ForecastForm/ForecastForm.tsx(810,77): error TS17004: Cannot use JSX unless the '--jsx' flag is provided.
components/pagecomponents/ForecastForm/ForecastForm.tsx(811,81): error TS17004: Cannot use JSX unless the '--jsx' flag is provided.
components/pagecomponents/ForecastForm/ForecastForm.tsx(820,69): error TS17004: Cannot use JSX unless the '--jsx' flag is provided.
components/pagecomponents/ForecastForm/ForecastForm.tsx(821,73): error TS17004: Cannot use JSX unless the '--jsx' flag is provided.
components/pagecomponents/ForecastForm/ForecastForm.tsx(822,77): error TS17004: Cannot use JSX unless the '--jsx' flag is provided.
components/pagecomponents/ForecastForm/ForecastForm.tsx(825,77): error TS17004: Cannot use JSX unless the '--jsx' flag is provided.
components/pagecomponents/ForecastForm/ForecastForm.tsx(829,73): error TS17004: Cannot use JSX unless the '--jsx' flag is provided.
components/pagecomponents/ForecastForm/ForecastForm.tsx(830,77): error TS17004: Cannot use JSX unless the '--jsx' flag is provided.
components/pagecomponents/ForecastForm/ForecastForm.tsx(849,21): error TS17004: Cannot use JSX unless the '--jsx' flag is provided.
components/pagecomponents/ForecastForm/ForecastForm.tsx(850,25): error TS17004: Cannot use JSX unless the '--jsx' flag is provided.
components/pagecomponents/ForecastForm/ForecastForm.tsx(856,13): error TS17004: Cannot use JSX unless the '--jsx' flag is provided.
components/pagecomponents/ForecastForm/ForecastForm.tsx(857,17): error TS17004: Cannot use JSX unless the '--jsx' flag is provided.
components/pagecomponents/ForecastForm/ForecastForm.tsx(858,21): error TS17004: Cannot use JSX unless the '--jsx' flag is provided.
components/pagecomponents/ForecastForm/ForecastForm.tsx(859,25): error TS17004: Cannot use JSX unless the '--jsx' flag is provided.
components/pagecomponents/ForecastForm/ForecastForm.tsx(860,29): error TS17004: Cannot use JSX unless the '--jsx' flag is provided.
components/pagecomponents/ForecastForm/ForecastForm.tsx(860,87): error TS17004: Cannot use JSX unless the '--jsx' flag is provided.
components/pagecomponents/ForecastForm/ForecastForm.tsx(865,21): error TS17004: Cannot use JSX unless the '--jsx' flag is provided.
components/pagecomponents/ForecastForm/ForecastForm.tsx(868,25): error TS17004: Cannot use JSX unless the '--jsx' flag is provided.
components/pagecomponents/ForecastForm/ForecastForm.tsx(869,29): error TS17004: Cannot use JSX unless the '--jsx' flag is provided.
components/pagecomponents/ForecastForm/ForecastForm.tsx(870,33): error TS17004: Cannot use JSX unless the '--jsx' flag is provided.
components/pagecomponents/ForecastForm/ForecastForm.tsx(871,33): error TS17004: Cannot use JSX unless the '--jsx' flag is provided.
components/pagecomponents/ForecastForm/ForecastForm.tsx(872,37): error TS17004: Cannot use JSX unless the '--jsx' flag is provided.
components/pagecomponents/ForecastForm/ForecastForm.tsx(873,41): error TS17004: Cannot use JSX unless the '--jsx' flag is provided.
components/pagecomponents/ForecastForm/ForecastForm.tsx(875,37): error TS17004: Cannot use JSX unless the '--jsx' flag is provided.
components/pagecomponents/ForecastForm/ForecastForm.tsx(876,41): error TS17004: Cannot use JSX unless the '--jsx' flag is provided.
components/pagecomponents/ForecastForm/ForecastForm.tsx(878,45): error TS17004: Cannot use JSX unless the '--jsx' flag is provided.
components/pagecomponents/ForecastForm/ForecastForm.tsx(884,29): error TS17004: Cannot use JSX unless the '--jsx' flag is provided.
components/pagecomponents/ForecastForm/ForecastForm.tsx(885,33): error TS17004: Cannot use JSX unless the '--jsx' flag is provided.
components/pagecomponents/ForecastForm/ForecastForm.tsx(886,33): error TS17004: Cannot use JSX unless the '--jsx' flag is provided.
components/pagecomponents/ForecastForm/ForecastForm.tsx(887,37): error TS17004: Cannot use JSX unless the '--jsx' flag is provided.
components/pagecomponents/ForecastForm/ForecastForm.tsx(888,41): error TS17004: Cannot use JSX unless the '--jsx' flag is provided.
components/pagecomponents/ForecastForm/ForecastForm.tsx(897,45): error TS17004: Cannot use JSX unless the '--jsx' flag is provided.
components/pagecomponents/ForecastForm/ForecastForm.tsx(899,53): error TS17004: Cannot use JSX unless the '--jsx' flag is provided.
components/pagecomponents/ForecastForm/ForecastForm.tsx(900,57): error TS17004: Cannot use JSX unless the '--jsx' flag is provided.
components/pagecomponents/ForecastForm/ForecastForm.tsx(904,61): error TS17004: Cannot use JSX unless the '--jsx' flag is provided.
components/pagecomponents/ForecastForm/ForecastForm.tsx(905,61): error TS17004: Cannot use JSX unless the '--jsx' flag is provided.
components/pagecomponents/ForecastForm/ForecastForm.tsx(906,61): error TS17004: Cannot use JSX unless the '--jsx' flag is provided.
components/pagecomponents/ForecastForm/ForecastForm.tsx(909,61): error TS17004: Cannot use JSX unless the '--jsx' flag is provided.
components/pagecomponents/ForecastForm/ForecastForm.tsx(914,65): error TS17004: Cannot use JSX unless the '--jsx' flag is provided.
components/pagecomponents/ForecastForm/ForecastForm.tsx(923,41): error TS17004: Cannot use JSX unless the '--jsx' flag is provided.
components/pagecomponents/ForecastForm/ForecastForm.tsx(924,45): error TS17004: Cannot use JSX unless the '--jsx' flag is provided.
components/pagecomponents/ForecastForm/ForecastForm.tsx(929,37): error TS17004: Cannot use JSX unless the '--jsx' flag is provided.
components/pagecomponents/ForecastForm/ForecastForm.tsx(930,41): error TS17004: Cannot use JSX unless the '--jsx' flag is provided.
components/pagecomponents/ForecastForm/ForecastForm.tsx(931,59): error TS17004: Cannot use JSX unless the '--jsx' flag is provided.
components/pagecomponents/ForecastForm/ForecastForm.tsx(936,29): error TS17004: Cannot use JSX unless the '--jsx' flag is provided.
components/pagecomponents/ForecastForm/ForecastForm.tsx(937,33): error TS17004: Cannot use JSX unless the '--jsx' flag is provided.
components/pagecomponents/ForecastForm/ForecastForm.tsx(938,33): error TS17004: Cannot use JSX unless the '--jsx' flag is provided.
components/pagecomponents/ForecastForm/ForecastForm.tsx(939,37): error TS17004: Cannot use JSX unless the '--jsx' flag is provided.
components/pagecomponents/ForecastForm/ForecastForm.tsx(940,41): error TS17004: Cannot use JSX unless the '--jsx' flag is provided.
components/pagecomponents/ForecastForm/ForecastForm.tsx(942,37): error TS17004: Cannot use JSX unless the '--jsx' flag is provided.
components/pagecomponents/ForecastForm/ForecastForm.tsx(944,45): error TS17004: Cannot use JSX unless the '--jsx' flag is provided.
components/pagecomponents/ForecastForm/ForecastForm.tsx(952,25): error TS17004: Cannot use JSX unless the '--jsx' flag is provided.
components/pagecomponents/ForecastForm/ForecastForm.tsx(953,29): error TS17004: Cannot use JSX unless the '--jsx' flag is provided.
components/pagecomponents/ForecastForm/ForecastForm.tsx(954,33): error TS17004: Cannot use JSX unless the '--jsx' flag is provided.
components/pagecomponents/ForecastForm/ForecastForm.tsx(955,33): error TS17004: Cannot use JSX unless the '--jsx' flag is provided.
components/pagecomponents/ForecastForm/ForecastForm.tsx(956,37): error TS17004: Cannot use JSX unless the '--jsx' flag is provided.
components/pagecomponents/ForecastForm/ForecastForm.tsx(964,29): error TS17004: Cannot use JSX unless the '--jsx' flag is provided.
components/pagecomponents/ForecastForm/ForecastForm.tsx(965,33): error TS17004: Cannot use JSX unless the '--jsx' flag is provided.
components/pagecomponents/ForecastForm/ForecastForm.tsx(966,33): error TS17004: Cannot use JSX unless the '--jsx' flag is provided.
components/pagecomponents/ForecastForm/ForecastForm.tsx(967,37): error TS17004: Cannot use JSX unless the '--jsx' flag is provided.
components/pagecomponents/ForecastForm/ForecastForm.tsx(975,29): error TS17004: Cannot use JSX unless the '--jsx' flag is provided.
components/pagecomponents/ForecastForm/ForecastForm.tsx(976,33): error TS17004: Cannot use JSX unless the '--jsx' flag is provided.
components/pagecomponents/ForecastForm/ForecastForm.tsx(977,33): error TS17004: Cannot use JSX unless the '--jsx' flag is provided.
components/pagecomponents/ForecastForm/ForecastForm.tsx(978,37): error TS17004: Cannot use JSX unless the '--jsx' flag is provided.
components/pagecomponents/ForecastForm/ForecastForm.tsx(1003,25): error TS17004: Cannot use JSX unless the '--jsx' flag is provided.
components/pagecomponents/ForecastForm/ForecastForm.tsx(1004,29): error TS17004: Cannot use JSX unless the '--jsx' flag is provided.
components/pagecomponents/ForecastForm/ForecastForm.tsx(1005,33): error TS17004: Cannot use JSX unless the '--jsx' flag is provided.
components/pagecomponents/ForecastForm/ForecastForm.tsx(1006,37): error TS17004: Cannot use JSX unless the '--jsx' flag is provided.
components/pagecomponents/ForecastForm/ForecastForm.tsx(1007,37): error TS17004: Cannot use JSX unless the '--jsx' flag is provided.
components/pagecomponents/ForecastForm/ForecastForm.tsx(1009,33): error TS17004: Cannot use JSX unless the '--jsx' flag is provided.
components/pagecomponents/ForecastForm/ForecastForm.tsx(1010,37): error TS17004: Cannot use JSX unless the '--jsx' flag is provided.
components/pagecomponents/ForecastForm/ForecastForm.tsx(1011,37): error TS17004: Cannot use JSX unless the '--jsx' flag is provided.
components/pagecomponents/ForecastForm/ForecastForm.tsx(1015,29): error TS17004: Cannot use JSX unless the '--jsx' flag is provided.
components/pagecomponents/ForecastForm/ForecastForm.tsx(1016,33): error TS17004: Cannot use JSX unless the '--jsx' flag is provided.
components/pagecomponents/ForecastForm/ForecastForm.tsx(1017,37): error TS17004: Cannot use JSX unless the '--jsx' flag is provided.
components/pagecomponents/ForecastForm/ForecastForm.tsx(1018,37): error TS17004: Cannot use JSX unless the '--jsx' flag is provided.
components/pagecomponents/ForecastForm/ForecastForm.tsx(1019,41): error TS17004: Cannot use JSX unless the '--jsx' flag is provided.
components/pagecomponents/ForecastForm/ForecastForm.tsx(1020,41): error TS17004: Cannot use JSX unless the '--jsx' flag is provided.
components/pagecomponents/ForecastForm/ForecastForm.tsx(1022,37): error TS17004: Cannot use JSX unless the '--jsx' flag is provided.
components/pagecomponents/ForecastForm/ForecastForm.tsx(1026,33): error TS17004: Cannot use JSX unless the '--jsx' flag is provided.
components/pagecomponents/ForecastForm/ForecastForm.tsx(1027,37): error TS17004: Cannot use JSX unless the '--jsx' flag is provided.
components/pagecomponents/ForecastForm/ForecastForm.tsx(1028,37): error TS17004: Cannot use JSX unless the '--jsx' flag is provided.
components/pagecomponents/ForecastForm/ForecastForm.tsx(1029,41): error TS17004: Cannot use JSX unless the '--jsx' flag is provided.
components/pagecomponents/ForecastForm/ForecastForm.tsx(1030,41): error TS17004: Cannot use JSX unless the '--jsx' flag is provided.
components/pagecomponents/ForecastForm/ForecastForm.tsx(1032,37): error TS17004: Cannot use JSX unless the '--jsx' flag is provided.
components/pagecomponents/ForecastForm/ForecastForm.tsx(1040,25): error TS17004: Cannot use JSX unless the '--jsx' flag is provided.
components/pagecomponents/ForecastForm/ForecastForm.tsx(1041,29): error TS17004: Cannot use JSX unless the '--jsx' flag is provided.
components/pagecomponents/ForecastForm/ForecastForm.tsx(1042,33): error TS17004: Cannot use JSX unless the '--jsx' flag is provided.
components/pagecomponents/ForecastForm/ForecastForm.tsx(1043,37): error TS17004: Cannot use JSX unless the '--jsx' flag is provided.
components/pagecomponents/ForecastForm/ForecastForm.tsx(1044,41): error TS17004: Cannot use JSX unless the '--jsx' flag is provided.
components/pagecomponents/ForecastForm/ForecastForm.tsx(1046,37): error TS17004: Cannot use JSX unless the '--jsx' flag is provided.
components/pagecomponents/ForecastForm/ForecastForm.tsx(1052,41): error TS17004: Cannot use JSX unless the '--jsx' flag is provided.
components/pagecomponents/ForecastForm/ForecastForm.tsx(1057,37): error TS17004: Cannot use JSX unless the '--jsx' flag is provided.
components/pagecomponents/ForecastForm/ForecastForm.tsx(1058,41): error TS17004: Cannot use JSX unless the '--jsx' flag is provided.
components/pagecomponents/ForecastForm/ForecastForm.tsx(1062,37): error TS17004: Cannot use JSX unless the '--jsx' flag is provided.
components/pagecomponents/ForecastForm/ForecastForm.tsx(1064,45): error TS17004: Cannot use JSX unless the '--jsx' flag is provided.
components/pagecomponents/ForecastForm/ForecastForm.tsx(1114,25): error TS17004: Cannot use JSX unless the '--jsx' flag is provided.
components/pagecomponents/ForecastForm/ForecastForm.tsx(1115,29): error TS17004: Cannot use JSX unless the '--jsx' flag is provided.
components/pagecomponents/ForecastForm/ForecastForm.tsx(1116,29): error TS17004: Cannot use JSX unless the '--jsx' flag is provided.
components/pagecomponents/ForecastForm/ForecastForm.tsx(1124,21): error TS17004: Cannot use JSX unless the '--jsx' flag is provided.
components/pagecomponents/ForecastForm/ForecastForm.tsx(1125,25): error TS17004: Cannot use JSX unless the '--jsx' flag is provided.
components/pagecomponents/ForecastForm/ForecastForm.tsx(1126,25): error TS17004: Cannot use JSX unless the '--jsx' flag is provided.
node_modules/.pnpm/next@16.1.6_@babel+core@7.2_b7425865da53ff23ed15cc7a43c4bd25/node_modules/next/dist/build/templates/app-page.d.ts(3,25): error TS2307: Cannot find module 'VAR_MODULE_GLOBAL_ERROR' or its corresponding type declarations.
node_modules/.pnpm/next@16.1.6_@babel+core@7.2_b7425865da53ff23ed15cc7a43c4bd25/node_modules/next/dist/build/webpack-config.d.ts(10,104): error TS2694: Namespace '"D:/\u0E42\u0E1B\u0E23\u0E40\u0E08\u0E04/website_work/p-rabbits/node_modules/.pnpm/next@16.1.6_@babel+core@7.2_b7425865da53ff23ed15cc7a43c4bd25/node_modules/next/dist/compiled/webpack/webpack".webpack' has no exported member 'RuleSetUseItem'.
node_modules/.pnpm/next@16.1.6_@babel+core@7.2_b7425865da53ff23ed15cc7a43c4bd25/node_modules/next/dist/build/webpack/loaders/next-app-loader/index.d.ts(1,13): error TS2613: Module '"D:/\u0E42\u0E1B\u0E23\u0E40\u0E08\u0E04/website_work/p-rabbits/node_modules/.pnpm/next@16.1.6_@babel+core@7.2_b7425865da53ff23ed15cc7a43c4bd25/node_modules/next/dist/compiled/webpack/webpack"' has no default export. Did you mean to use 'import { webpack } from "D:/\u0E42\u0E1B\u0E23\u0E40\u0E08\u0E04/website_work/p-rabbits/node_modules/.pnpm/next@16.1.6_@babel+core@7.2_b7425865da53ff23ed15cc7a43c4bd25/node_modules/next/dist/compiled/webpack/webpack"' instead?
node_modules/.pnpm/next@16.1.6_@babel+core@7.2_b7425865da53ff23ed15cc7a43c4bd25/node_modules/next/dist/client/components/error-boundary.d.ts(1,8): error TS1259: Module '"D:/\u0E42\u0E1B\u0E23\u0E40\u0E08\u0E04/website_work/p-rabbits/node_modules/.pnpm/@types+react@18.3.28/node_modules/@types/react/index"' can only be default-imported using the 'esModuleInterop' flag
node_modules/.pnpm/next@16.1.6_@babel+core@7.2_b7425865da53ff23ed15cc7a43c4bd25/node_modules/next/dist/client/components/http-access-fallback/error-boundary.d.ts(11,8): error TS1259: Module '"D:/\u0E42\u0E1B\u0E23\u0E40\u0E08\u0E04/website_work/p-rabbits/node_modules/.pnpm/@types+react@18.3.28/node_modules/@types/react/index"' can only be default-imported using the 'esModuleInterop' flag
node_modules/.pnpm/next@16.1.6_@babel+core@7.2_b7425865da53ff23ed15cc7a43c4bd25/node_modules/next/dist/client/components/layout-router.d.ts(2,8): error TS1259: Module '"D:/\u0E42\u0E1B\u0E23\u0E40\u0E08\u0E04/website_work/p-rabbits/node_modules/.pnpm/@types+react@18.3.28/node_modules/@types/react/index"' can only be default-imported using the 'esModuleInterop' flag
node_modules/.pnpm/next@16.1.6_@babel+core@7.2_b7425865da53ff23ed15cc7a43c4bd25/node_modules/next/dist/client/with-router.d.ts(1,8): error TS1259: Module '"D:/\u0E42\u0E1B\u0E23\u0E40\u0E08\u0E04/website_work/p-rabbits/node_modules/.pnpm/@types+react@18.3.28/node_modules/@types/react/index"' can only be default-imported using the 'esModuleInterop' flag
node_modules/.pnpm/next@16.1.6_@babel+core@7.2_b7425865da53ff23ed15cc7a43c4bd25/node_modules/next/dist/lib/metadata/metadata.d.ts(1,8): error TS1259: Module '"D:/\u0E42\u0E1B\u0E23\u0E40\u0E08\u0E04/website_work/p-rabbits/node_modules/.pnpm/@types+react@18.3.28/node_modules/@types/react/index"' can only be default-imported using the 'esModuleInterop' flag
node_modules/.pnpm/next@16.1.6_@babel+core@7.2_b7425865da53ff23ed15cc7a43c4bd25/node_modules/next/dist/next-devtools/dev-overlay/shared.d.ts(186,247): error TS2694: Namespace 'React' has no exported member 'ActionDispatch'.
node_modules/.pnpm/next@16.1.6_@babel+core@7.2_b7425865da53ff23ed15cc7a43c4bd25/node_modules/next/dist/next-devtools/userspace/pages/pages-dev-overlay-setup.d.ts(1,8): error TS1259: Module '"D:/\u0E42\u0E1B\u0E23\u0E40\u0E08\u0E04/website_work/p-rabbits/node_modules/.pnpm/@types+react@18.3.28/node_modules/@types/react/index"' can only be default-imported using the 'esModuleInterop' flag
node_modules/.pnpm/next@16.1.6_@babel+core@7.2_b7425865da53ff23ed15cc7a43c4bd25/node_modules/next/dist/server/app-render/entry-base.d.ts(1,114): error TS2307: Cannot find module 'react-server-dom-webpack/server' or its corresponding type declarations.
node_modules/.pnpm/next@16.1.6_@babel+core@7.2_b7425865da53ff23ed15cc7a43c4bd25/node_modules/next/dist/server/app-render/entry-base.d.ts(2,27): error TS2307: Cannot find module 'react-server-dom-webpack/static' or its corresponding type declarations.
node_modules/.pnpm/next@16.1.6_@babel+core@7.2_b7425865da53ff23ed15cc7a43c4bd25/node_modules/next/dist/server/web/spec-extension/adapters/headers.d.ts(39,16): error TS2304: Cannot find name 'HeadersIterator'.
node_modules/.pnpm/next@16.1.6_@babel+core@7.2_b7425865da53ff23ed15cc7a43c4bd25/node_modules/next/dist/server/web/spec-extension/adapters/headers.d.ts(40,13): error TS2304: Cannot find name 'HeadersIterator'.
node_modules/.pnpm/next@16.1.6_@babel+core@7.2_b7425865da53ff23ed15cc7a43c4bd25/node_modules/next/dist/server/web/spec-extension/adapters/headers.d.ts(41,15): error TS2304: Cannot find name 'HeadersIterator'.
node_modules/.pnpm/next@16.1.6_@babel+core@7.2_b7425865da53ff23ed15cc7a43c4bd25/node_modules/next/dist/server/web/spec-extension/adapters/headers.d.ts(42,26): error TS2304: Cannot find name 'HeadersIterator'.
node_modules/.pnpm/next@16.1.6_@babel+core@7.2_b7425865da53ff23ed15cc7a43c4bd25/node_modules/next/dist/shared/lib/app-router-context.shared-runtime.d.ts(4,8): error TS1259: Module '"D:/\u0E42\u0E1B\u0E23\u0E40\u0E08\u0E04/website_work/p-rabbits/node_modules/.pnpm/@types+react@18.3.28/node_modules/@types/react/index"' can only be default-imported using the 'esModuleInterop' flag
node_modules/.pnpm/next@16.1.6_@babel+core@7.2_b7425865da53ff23ed15cc7a43c4bd25/node_modules/next/dist/shared/lib/app-router-types.d.ts(7,13): error TS1259: Module '"D:/\u0E42\u0E1B\u0E23\u0E40\u0E08\u0E04/website_work/p-rabbits/node_modules/.pnpm/@types+react@18.3.28/node_modules/@types/react/index"' can only be default-imported using the 'esModuleInterop' flag
node_modules/.pnpm/next@16.1.6_@babel+core@7.2_b7425865da53ff23ed15cc7a43c4bd25/node_modules/next/dist/shared/lib/head-manager-context.shared-runtime.d.ts(1,8): error TS1259: Module '"D:/\u0E42\u0E1B\u0E23\u0E40\u0E08\u0E04/website_work/p-rabbits/node_modules/.pnpm/@types+react@18.3.28/node_modules/@types/react/index"' can only be default-imported using the 'esModuleInterop' flag
node_modules/.pnpm/next@16.1.6_@babel+core@7.2_b7425865da53ff23ed15cc7a43c4bd25/node_modules/next/dist/shared/lib/image-config-context.shared-runtime.d.ts(1,8): error TS1259: Module '"D:/\u0E42\u0E1B\u0E23\u0E40\u0E08\u0E04/website_work/p-rabbits/node_modules/.pnpm/@types+react@18.3.28/node_modules/@types/react/index"' can only be default-imported using the 'esModuleInterop' flag
node_modules/.pnpm/next@16.1.6_@babel+core@7.2_b7425865da53ff23ed15cc7a43c4bd25/node_modules/next/dist/shared/lib/loadable-context.shared-runtime.d.ts(1,8): error TS1259: Module '"D:/\u0E42\u0E1B\u0E23\u0E40\u0E08\u0E04/website_work/p-rabbits/node_modules/.pnpm/@types+react@18.3.28/node_modules/@types/react/index"' can only be default-imported using the 'esModuleInterop' flag
node_modules/.pnpm/next@16.1.6_@babel+core@7.2_b7425865da53ff23ed15cc7a43c4bd25/node_modules/next/dist/shared/lib/loadable.shared-runtime.d.ts(21,8): error TS1259: Module '"D:/\u0E42\u0E1B\u0E23\u0E40\u0E08\u0E04/website_work/p-rabbits/node_modules/.pnpm/@types+react@18.3.28/node_modules/@types/react/index"' can only be default-imported using the 'esModuleInterop' flag
node_modules/.pnpm/next@16.1.6_@babel+core@7.2_b7425865da53ff23ed15cc7a43c4bd25/node_modules/next/dist/shared/lib/router-context.shared-runtime.d.ts(1,8): error TS1259: Module '"D:/\u0E42\u0E1B\u0E23\u0E40\u0E08\u0E04/website_work/p-rabbits/node_modules/.pnpm/@types+react@18.3.28/node_modules/@types/react/index"' can only be default-imported using the 'esModuleInterop' flag
node_modules/.pnpm/next@16.1.6_@babel+core@7.2_b7425865da53ff23ed15cc7a43c4bd25/node_modules/next/dist/shared/lib/server-inserted-html.shared-runtime.d.ts(1,8): error TS1259: Module '"D:/\u0E42\u0E1B\u0E23\u0E40\u0E08\u0E04/website_work/p-rabbits/node_modules/.pnpm/@types+react@18.3.28/node_modules/@types/react/index"' can only be default-imported using the 'esModuleInterop' flag
node_modules/.pnpm/next@16.1.6_@babel+core@7.2_b7425865da53ff23ed15cc7a43c4bd25/node_modules/next/dist/shared/lib/utils.d.ts(10,13): error TS1192: Module '"fs"' has no default export.
node_modules/.pnpm/sonner@2.0.7_react-dom@19.2.4_react@19.2.4__react@19.2.4/node_modules/sonner/dist/index.d.ts(1,8): error TS1259: Module '"D:/\u0E42\u0E1B\u0E23\u0E40\u0E08\u0E04/website_work/p-rabbits/node_modules/.pnpm/@types+react@18.3.28/node_modules/@types/react/index"' can only be default-imported using the 'esModuleInterop' flag
